// Jest Snapshot v1, https://goo.gl/fbAQLP

exports[`Test Quote and Home component should render Home Component correctly 1`] = `
<div
  className="home"
>
  <h3>
    Welcome to our page!
  </h3>
  <p>
    lorem ipsum dolor sit amet, consectetur adipiscing elit, sed do eiusmod tempor incididunt ut labore et dolore magna aliqua. Ut enim ad minim veniam, quis nostrud exercitation ullamco laboris nisi ut aliquip ex ea commodo consequat. Duis aute irure dolor in reprehenderit in voluptate velit esse cillum dolore eu fugiat nulla pariatur. Excepteur sint occaecat cupidatat non proident, sunt in culpa qui officia deserunt mollit anim id est laborum.
  </p>
  <p>
    Lorem ipsum dolor sit amet, consectetur adipiscing elit, sed do eiusmod tempor incididunt ut labore et dolore magna aliqua. Ut enim ad minim veniam, quis nostrud exercitation ullamco laboris nisi ut aliquip ex ea commodo consequat. Duis aute irure dolor in reprehenderit in voluptate velit esse cillum dolore eu fugiat nulla pariatur. Excepteur sint occaecat cupidatat non proident, sunt in culpa qui officia deserunt mollit anim id est laborum.
  </p>
</div>
`;

exports[`Test Quote and Home component should render Quote component correctly 1`] = `
<div
  className="quote"
>
  <p>
    “The best way to predict the future is to create it.”
  </p>
  <p>
    - Abraham Lincoln
  </p>
</div>
`;

exports[`renders correctly 1`] = `
<div
  className="quote"
>
  <p>
    “The best way to predict the future is to create it.”
  </p>
  <p>
    - Abraham Lincoln
  </p>
</div>
`;
